[WARN] Unsupported engine: wanted: {"node":">=22.23.0"} (current: {"node":"v22.22.2","pnpm":"11.22.0"})
✓ Lockfile passes supply-chain policies (verified 38m ago)
Lockfile is up to date, resolution step is skipped
Progress: resolved 1, reused 0, downloaded 0, added 0
Packages: +1135
++++++++++++++++++++++++++++++++++++++++++++++++++++++++++++++++++++++++++++++++
Progress: resolved 1135, reused 0, downloaded 0, added 0
Progress: resolved 1135, reused 22, downloaded 0, added 0
Progress: resolved 1135, reused 34, downloaded 0, added 0
Progress: resolved 1135, reused 42, downloaded 0, added 0
Progress: resolved 1135, reused 56, downloaded 0, added 0
Progress: resolved 1135, reused 75, downloaded 0, added 0
Progress: resolved 1135, reused 116, downloaded 0, added 0
Progress: resolved 1135, reused 181, downloaded 0, added 0
Progress: resolved 1135, reused 218, downloaded 0, added 0
Progress: resolved 1135, reused 436, downloaded 0, added 0
Progress: resolved 1135, reused 1131, downloaded 0, added 0
Progress: resolved 1135, reused 1133, downloaded 0, added 0
Packages are hard linked from the content-addressable store to the virtual store.
  Content-addressable store is at: D:\.pnpm-store\v11
  Virtual store is at:             node_modules/.pnpm
Progress: resolved 1135, reused 1133, downloaded 0, added 1
Progress: resolved 1135, reused 1133, downloaded 0, added 2
Progress: resolved 1135, reused 1134, downloaded 0, added 19
Progress: resolved 1135, reused 1134, downloaded 0, added 36
Progress: resolved 1135, reused 1134, downloaded 0, added 42
Progress: resolved 1135, reused 1134, downloaded 0, added 58
Progress: resolved 1135, reused 1134, downloaded 0, added 59
Progress: resolved 1135, reused 1134, downloaded 0, added 60
Progress: resolved 1135, reused 1134, downloaded 0, added 61
Progress: resolved 1135, reused 1134, downloaded 0, added 72
Progress: resolved 1135, reused 1134, downloaded 0, added 81
Progress: resolved 1135, reused 1134, downloaded 0, added 85
Progress: resolved 1135, reused 1134, downloaded 0, added 100
Progress: resolved 1135, reused 1134, downloaded 0, added 107
Progress: resolved 1135, reused 1134, downloaded 0, added 111
Progress: resolved 1135, reused 1134, downloaded 0, added 126
Progress: resolved 1135, reused 1134, downloaded 0, added 142
Progress: resolved 1135, reused 1134, downloaded 0, added 152
Progress: resolved 1135, reused 1134, downloaded 0, added 164
Progress: resolved 1135, reused 1134, downloaded 0, added 165
Progress: resolved 1135, reused 1134, downloaded 0, added 188
Progress: resolved 1135, reused 1134, downloaded 0, added 205
Progress: resolved 1135, reused 1134, downloaded 0, added 218
Progress: resolved 1135, reused 1134, downloaded 0, added 230
Progress: resolved 1135, reused 1134, downloaded 0, added 240
Progress: resolved 1135, reused 1134, downloaded 0, added 248
Progress: resolved 1135, reused 1134, downloaded 0, added 253
Progress: resolved 1135, reused 1134, downloaded 0, added 254
Progress: resolved 1135, reused 1134, downloaded 0, added 260
Progress: resolved 1135, reused 1134, downloaded 0, added 261
Progress: resolved 1135, reused 1134, downloaded 0, added 264
Progress: resolved 1135, reused 1134, downloaded 0, added 269
Progress: resolved 1135, reused 1134, downloaded 0, added 279
Progress: resolved 1135, reused 1134, downloaded 0, added 288
Progress: resolved 1135, reused 1134, downloaded 0, added 310
Progress: resolved 1135, reused 1134, downloaded 0, added 311
Progress: resolved 1135, reused 1134, downloaded 0, added 350
Progress: resolved 1135, reused 1134, downloaded 0, added 359
Progress: resolved 1135, reused 1134, downloaded 0, added 386
Progress: resolved 1135, reused 1134, downloaded 0, added 400
Progress: resolved 1135, reused 1134, downloaded 0, added 407
Progress: resolved 1135, reused 1134, downloaded 0, added 412
Progress: resolved 1135, reused 1134, downloaded 0, added 413
Progress: resolved 1135, reused 1134, downloaded 0, added 445
Progress: resolved 1135, reused 1134, downloaded 0, added 462
Progress: resolved 1135, reused 1134, downloaded 0, added 472
Progress: resolved 1135, reused 1134, downloaded 0, added 482
Progress: resolved 1135, reused 1134, downloaded 0, added 489
Progress: resolved 1135, reused 1134, downloaded 0, added 503
Progress: resolved 1135, reused 1134, downloaded 0, added 551
Progress: resolved 1135, reused 1134, downloaded 0, added 602
Progress: resolved 1135, reused 1134, downloaded 0, added 653
Progress: resolved 1135, reused 1134, downloaded 0, added 657
Progress: resolved 1135, reused 1134, downloaded 0, added 658
Progress: resolved 1135, reused 1134, downloaded 0, added 686
Progress: resolved 1135, reused 1134, downloaded 0, added 717
Progress: resolved 1135, reused 1134, downloaded 0, added 747
Progress: resolved 1135, reused 1134, downloaded 0, added 775
Progress: resolved 1135, reused 1134, downloaded 0, added 821
Progress: resolved 1135, reused 1134, downloaded 0, added 878
Progress: resolved 1135, reused 1134, downloaded 0, added 925
Progress: resolved 1135, reused 1134, downloaded 0, added 951
Progress: resolved 1135, reused 1134, downloaded 0, added 952
Progress: resolved 1135, reused 1134, downloaded 0, added 984
Progress: resolved 1135, reused 1134, downloaded 0, added 1069
Progress: resolved 1135, reused 1134, downloaded 0, added 1098
Progress: resolved 1135, reused 1134, downloaded 0, added 1106
Progress: resolved 1135, reused 1134, downloaded 0, added 1114
Progress: resolved 1135, reused 1134, downloaded 0, added 1115
Progress: resolved 1135, reused 1134, downloaded 0, added 1123
Progress: resolved 1135, reused 1134, downloaded 0, added 1133
Progress: resolved 1135, reused 1134, downloaded 0, added 1134
Progress: resolved 1135, reused 1134, downloaded 0, added 1135, done
.../esbuild@0.28.2/node_modules/esbuild postinstall$ node install.js
.../esbuild@0.28.1/node_modules/esbuild postinstall$ node install.js
.../node_modules/workerd postinstall$ node install.js
.../esbuild@0.28.2/node_modules/esbuild postinstall: Done
.../esbuild@0.28.1/node_modules/esbuild postinstall: Done
.../node_modules/workerd postinstall: Done
